// Vitest Snapshot v1, https://vitest.dev/guide/snapshot.html

exports[`App component > renders magnificent monkeys 1`] = `
<div>
  <div
    class="h-screen w-screen flex items-center justify-center"
  >
    <div
      class="loader mx-auto"
    />
  </div>
</div>
`;
